[thechoiceisyours.whatisthematrix.com/index.html]
[backblue.gif]
[fade.gif]
[index.html]
[thechoiceisyours.whatisthematrix.com/_nuxt/images/meta-sm9763.jpg]
[fonts.googleapis.com/index.html]
[thechoiceisyours.whatisthematrix.com/unsupported-browser.js]
[cdn.cookielaw.org/scripttemplates/otSDKStub.js]
[www.googletagmanager.com/gtm79a1.js]
[thechoiceisyours.whatisthematrix.com/_nuxt/manifest3848.js]
[thechoiceisyours.whatisthematrix.com/_nuxt/commons/appa54e.js]
[thechoiceisyours.whatisthematrix.com/_nuxt/gsapf9f4.js]
[thechoiceisyours.whatisthematrix.com/_nuxt/app2f05.css]
[thechoiceisyours.whatisthematrix.com/_nuxt/app2aac.js]
[thechoiceisyours.whatisthematrix.com/_nuxt/static/1631121446/payload.js]
[thechoiceisyours.whatisthematrix.com/_nuxt/static/1631121446/manifest.js]
[thechoiceisyours.whatisthematrix.com/_nuxt/videos/teaser-outro-mobileca61.mp4]
[thechoiceisyours.whatisthematrix.com/index.html]
[fonts.googleapis.com/index.html]
[browsehappy.com/index.html]
[policyhub.warnerbros.com/index.html]
[fonts.gstatic.com/index.html]
[fonts.googleapis.com/css2aae9.css]
[fonts.gstatic.com/s/roboto/v30/KFOmCnqEu92Fr1Me5Q.ttf]
[thechoiceisyours.whatisthematrix.com/_nuxt/images/_generated/sprite-desktop-default745d.png]
[thechoiceisyours.whatisthematrix.com/_nuxt/images/_generated/sprite-mobile-default1b58.png]
[thechoiceisyours.whatisthematrix.com/_nuxt/assets/fonts/LibreBaskerville-Regular5a8b.ttf]
[thechoiceisyours.whatisthematrix.com/_nuxt/app2f05.css]
[thechoiceisyours.whatisthematrix.com/_nuxt/assets/fonts/FiraMono-Regular624f.ttf]
[policyhub.warnerbros.com/img/wb_logo.png]
[policyhub.warnerbros.com/index.html]
[www.warnerbros.com/profiles/lightning/modules/contrib/jquery_update/replace/jquery/1.10/jquery.min.25.delayed]
[policies.warnerbros.com/privacy/en-us/html/sites/default/files/js/js_eITjJ7S3cS4HvoQgGe2eYuiCQvqzvmMhPdg7iN_RXtQ.js]
[www.warnerbros.com/profiles/lightning/modules/contrib/jquery_update/replace/ui/ui/minified/jquery-ui.min.js]
[policies.warnerbros.com/privacy/en-us/html/sites/all/modules/custom/wb_cookie_manager/scripts/cookie_manager.js_p8xss0]
[policies.warnerbros.com/privacy/en-us/html/sites/default/files/js/js_WQz39JPdBAEzzi2VI969MXEZhwuBy8_Kmq05FhJwLSc.js]
[policies.warnerbros.com/privacy/en-us/html/sites/default/files/js/js_ZYxYmVBew0pcyvxLC9mOSE1bcqS_s78Q7TpNh8E52UM.js]
[policies.warnerbros.com/privacy/en-us/html/sites/default/files/js/js_eC25JwTVUjOlQwEI7AA3feI8dnRXnYeoVZF8veTbWMM.js]
[policies.warnerbros.com/privacy/en-us/html/sites/default/files/js/js_rtw3T7pnWkzXfJNcZfe6qq7WDnlfPI8jBO_-eXARDpY.js]
[policies.warnerbros.com/privacy/en-us/html/sites/default/files/js/js_XBKt9jvOXFFD8gHKjCH8sQfrcs8T6xDQel0xY6GCYIY.js]
[www.warnerbros.com/misc/ico/apple-touch-icon-144-precomposed.png]
[www.warnerbros.com/misc/ico/apple-touch-icon-114-precomposed.png]
[www.warnerbros.com/misc/ico/apple-touch-icon-72-precomposed.png]
[www.warnerbros.com/misc/ico/apple-touch-icon-57-precomposed.png]
[www.warnerbros.com/sites/default/files/US_WBLOGO.png]
[policies.warnerbros.com/privacy/en-us/html/sites/cdn-cgi/scripts/f2bf09f8/cloudflare-static/email-decode.min.js]
[policies.warnerbros.com/privacy/en-us/html/sites/default/files/js/js_7Ukqb3ierdBEL0eowfOKzTkNu-Le97OPm-UqTS5NENU.js]
[policies.warnerbros.com/privacy/en-us/html/sites/default/files/js/js_L50O_PWoAuMOxVjnzZCkNSSmI0kFwhZsO1_KS8WnGKw.js]
[policies.warnerbros.com/privacy/en-us/html/privacy_en-us_1.0.0.html]
[browsehappy.com/content/themes/browsehappy/styleaab3.css]
[browsehappy.com/content/themes/browsehappy/js/modernizr-1.6.min.js]
[use.typekit.com/lsw6yis.js]
[browsehappy.com/wp/wp-includes/css/dist/block-library/style.mind726.css]
[browsehappy.com/wp/wp-includes/css/classic-themes.min68b3.css]
[browsehappy.com/wp/xmlrpc0db0.php]
[browsehappy.com/wp/wp-includes/wlwmanifest.xml]
[browsehappy.com/wp-json/index.html]
[browsehappy.com/content/uploads/2016/03/cropped-browsehappy-siteicon-32x32.png]
[browsehappy.com/content/uploads/2016/03/cropped-browsehappy-siteicon-192x192.png]
[browsehappy.com/content/uploads/2016/03/cropped-browsehappy-siteicon-180x180.png]
[browsehappy.com/index.html]
[policyhub.warnerbros.com/css/bootstrap.min.css]
[policyhub.warnerbros.com/css/style.css]
[www.warnerbros.com/misc/throbber-inactive.49.delayed]
[policies.warnerbros.com/privacy/en-us/html/sites/default/files/css/css_lQaZfjVpwP_oGNqdtWCSpJT1EMqXdMiU84ekLLxQnc4.css]
[policies.warnerbros.com/privacy/en-us/html/sites/default/files/css/css_5pKZ_icVn1rjuWN1Hf35JUHj-V1f2mERwyJyfE31xFA.css]
[www.warnerbros.com/profiles/lightning/modules/contrib/jquery_update/replace/ui/themes/base/minified/images/ui-bg_flat_75_ffffff_40x100.4a]
[www.warnerbros.com/profiles/lightning/modules/contrib/panopoly_magic/images/status-active.4b.delayed]
[www.warnerbros.com/profiles/lightning/modules/contrib/panopoly_magic/images/close-popup.png]
[policies.warnerbros.com/privacy/en-us/html/sites/all/modules/custom/wb_global_ip/images/flag-icons-s03bfa5f318.png]
[policies.warnerbros.com/privacy/en-us/html/sites/default/files/css/css_n4pLmwDW7Ffu1lJePEd0Kze6bTEjpmRwS3X8zPlUmbA.css]
[www.warnerbros.com/profiles/lightning/modules/contrib/colorbox/styles/default/images/controls.png]
[www.warnerbros.com/profiles/lightning/modules/contrib/ctools/images/status-active.gif]
[policies.warnerbros.com/privacy/en-us/html/sites/default/files/css/css_Os-9zuWjiYq18YEM1l20IA_CPm7PQaNDJWWhJavnS24.css]
[policies.warnerbros.com/privacy/en-us/html/sites/all/themes/bootstrap_wb/fonts/icomoon.svg_cp8pasdfsz]
[www.warnerbros.com/misc/throbber.gif]
[policies.warnerbros.com/privacy/en-us/html/sites/all/themes/bootstrap_wb/images/rt-icons_sprite.png_v=20131118]
[policies.warnerbros.com/privacy/en-us/html/sites/all/themes/bootstrap_wb/images/flag-icons-s03bfa5f318.png]
[policies.warnerbros.com/privacy/en-us/html/sites/default/files/css/css_AeFcjKJUQ_RGLlpbjlhZl_b56MoOvBlBADe3vbzjIBY.css]
[policies.warnerbros.com/privacy/ajax.googleapis.com/ajax/libs/jquery/1.10.2/jquery.min.html]
[www.warnerbros.com/profiles/lightning/modules/contrib/jquery_update/replace/jquery/1.10/jquery.min.html]
[policies.warnerbros.com/privacy/ajax.googleapis.com/ajax/libs/jqueryui/1.10.2/jquery-ui.min.html]
[www.warnerbros.com/profiles/lightning/modules/contrib/jquery_update/replace/ui/ui/minified/jquery-ui.min.html]
[www.warnerbros.com/misc/ico/apple-touch-icon-144-precomposed.html]
[www.warnerbros.com/misc/ico/apple-touch-icon-114-precomposed.html]
[www.warnerbros.com/misc/ico/apple-touch-icon-72-precomposed.html]
[www.warnerbros.com/misc/ico/apple-touch-icon-57-precomposed.html]
[policies.warnerbros.com/privacy/en-us/html/sites/all/themes/bootstrap_wb/images/wb_logo.svg]
[www.warnerbros.com/sites/default/files/US_WBLOGO.html]
[browsehappy.com/content/themes/browsehappy/imgs/bg.jpg]
[browsehappy.com/content/themes/browsehappy/imgs/bg-footer.png]
[browsehappy.com/content/themes/browsehappy/imgs/bg-headerc4ca.png]
[browsehappy.com/content/themes/browsehappy/imgs/browsehappy-sprite.png]
[browsehappy.com/content/themes/browsehappy/imgs/alphabg.png]
[browsehappy.com/content/themes/browsehappy/imgs/browsehappy-sprite-2x.png]
[browsehappy.com/content/themes/browsehappy/styleaab3.css]
[www.googletagmanager.com/gtm5445.html]
[browsehappy.com/wp/wp-includes/css/dist/block-library/style.mind726.css]
[browsehappy.com/wp/wp-includes/css/classic-themes.min68b3.css]
[browsehappy.com/wp-json/index.html]
[policyhub.warnerbros.com/fonts/glyphicons-halflings-regular.html]
[policyhub.warnerbros.com/fonts/glyphicons-halflings-regulard41d.html]
[policyhub.warnerbros.com/fonts/glyphicons-halflings-regular-2.html]
[policyhub.warnerbros.com/fonts/glyphicons-halflings-regular-3.html]
[policyhub.warnerbros.com/fonts/glyphicons-halflings-regular-4.html]
[policyhub.warnerbros.com/fonts/glyphicons-halflings-regular-5.html]
[www.warnerbros.com/misc/throbber-inactive.html]
[www.warnerbros.com/profiles/lightning/modules/contrib/jquery_update/replace/ui/themes/base/minified/images/ui-bg_flat_75_ffffff_40x100.4a]
[www.warnerbros.com/profiles/lightning/modules/contrib/panopoly_magic/images/status-active.html]
[www.warnerbros.com/profiles/lightning/modules/contrib/panopoly_magic/images/close-popup.html]
[www.warnerbros.com/profiles/lightning/modules/contrib/colorbox/styles/default/images/controls.html]
[www.warnerbros.com/profiles/lightning/modules/contrib/ctools/images/status-active.html]
[policies.warnerbros.com/privacy/en-us/html/sites/all/themes/bootstrap_wb/fonts/icomoon.eot_cp8pasdfsz.html]
[policies.warnerbros.com/privacy/en-us/html/sites/all/themes/bootstrap_wb/fonts/icomoon.eot_cp8asdfpsz.html]
[policies.warnerbros.com/privacy/en-us/html/sites/all/themes/bootstrap_wb/fonts/icomoon.ttf_cp8psadz.html]
[policies.warnerbros.com/privacy/en-us/html/sites/all/themes/bootstrap_wb/fonts/icomoon.woff_cp8pasdfsz.html]
[www.warnerbros.com/misc/throbber.html]
[policies.warnerbros.com/privacy/en-us/html/sites/all/themes/bootstrap_wb/images/wb_logo_footer.svg]
